// Jest Snapshot v1, https://goo.gl/fbAQLP

exports[`<CommentComponent /> should render a <CommentFormComponent /> component  1`] = `ShallowWrapper {}`;
