// Jest Snapshot v1, https://goo.gl/fbAQLP

exports[`<RatingComponent /> should render a <CreateRatingComponent /> component  1`] = `ShallowWrapper {}`;
