// Jest Snapshot v1, https://goo.gl/fbAQLP

exports[`<listOfArticles /> should render a <listOfArticles /> component  1`] = `ShallowWrapper {}`;
