// Jest Snapshot v1, https://goo.gl/fbAQLP

exports[`<Pagination /> should create <PaginationComponent /> snapshot  1`] = `ShallowWrapper {}`;
