// Jest Snapshot v1, https://goo.gl/fbAQLP

exports[`<Progress /> should render progressbar 1`] = `ShallowWrapper {}`;
