// Jest Snapshot v1, https://goo.gl/fbAQLP

exports[`<Article /> should create <RatingComponent /> snapshot  1`] = `ShallowWrapper {}`;
