// Jest Snapshot v1, https://goo.gl/fbAQLP

exports[`<ShareArticle /> should render without crashing 1`] = `ShallowWrapper {}`;
