// Jest Snapshot v1, https://goo.gl/fbAQLP

exports[`<CreateArticle /> should render a <CreateArticleComponent /> component  1`] = `ShallowWrapper {}`;
