// Jest Snapshot v1, https://goo.gl/fbAQLP

exports[`<EditArticleComponent /> should render a <EditArticleComponent /> component  1`] = `ShallowWrapper {}`;
